> Task :app:checkKotlinGradlePluginConfigurationErrors
> Task :app:preBuild UP-TO-DATE
> Task :app:preDebugBuild UP-TO-DATE
> Task :app:generateDebugBuildConfig UP-TO-DATE
> Task :app:checkDebugAarMetadata UP-TO-DATE
> Task :app:generateDebugResValues UP-TO-DATE
> Task :app:mapDebugSourceSetPaths UP-TO-DATE
> Task :app:generateDebugResources UP-TO-DATE
> Task :app:mergeDebugResources UP-TO-DATE
> Task :app:packageDebugResources UP-TO-DATE
> Task :app:parseDebugLocalResources UP-TO-DATE
> Task :app:createDebugCompatibleScreenManifests UP-TO-DATE
> Task :app:extractDeepLinksDebug UP-TO-DATE
> Task :app:processDebugMainManifest UP-TO-DATE
> Task :app:processDebugManifest UP-TO-DATE
> Task :app:processDebugManifestForPackage UP-TO-DATE
> Task :app:processDebugResources UP-TO-DATE
> Task :app:kaptGenerateStubsDebugKotlin UP-TO-DATE
> Task :app:kaptDebugKotlin UP-TO-DATE
> Task :app:compileDebugKotlin UP-TO-DATE
> Task :app:javaPreCompileDebug UP-TO-DATE
> Task :app:compileDebugJavaWithJavac UP-TO-DATE
> Task :app:mergeDebugShaders UP-TO-DATE
> Task :app:compileDebugShaders NO-SOURCE
> Task :app:generateDebugAssets UP-TO-DATE
> Task :app:mergeDebugAssets UP-TO-DATE
> Task :app:compressDebugAssets UP-TO-DATE
> Task :app:desugarDebugFileDependencies UP-TO-DATE
> Task :app:hiltAggregateDepsDebug UP-TO-DATE
> Task :app:hiltJavaCompileDebug UP-TO-DATE
> Task :app:transformDebugClassesWithAsm UP-TO-DATE
> Task :app:jacocoDebug UP-TO-DATE
> Task :app:dexBuilderDebug UP-TO-DATE
> Task :app:mergeDebugGlobalSynthetics UP-TO-DATE
> Task :app:generateDebugJacocoPropertiesFile UP-TO-DATE
> Task :app:processDebugJavaRes UP-TO-DATE
> Task :app:mergeDebugJavaResource UP-TO-DATE
> Task :app:checkDebugDuplicateClasses UP-TO-DATE
> Task :app:mergeExtDexDebug UP-TO-DATE
> Task :app:mergeLibDexDebug UP-TO-DATE
> Task :app:mergeProjectDexDebug UP-TO-DATE
> Task :app:mergeDebugJniLibFolders UP-TO-DATE
> Task :app:mergeDebugNativeLibs UP-TO-DATE
> Task :app:stripDebugDebugSymbols UP-TO-DATE
> Task :app:validateSigningDebug UP-TO-DATE
> Task :app:writeDebugAppMetadata UP-TO-DATE
> Task :app:writeDebugSigningConfigVersions UP-TO-DATE
> Task :app:packageDebug UP-TO-DATE
> Task :app:createDebugApkListingFileRedirect UP-TO-DATE
> Task :app:bundleDebugClassesToCompileJar UP-TO-DATE
> Task :app:preDebugAndroidTestBuild SKIPPED
> Task :app:processDebugAndroidTestManifest UP-TO-DATE
> Task :app:generateDebugAndroidTestBuildConfig UP-TO-DATE
> Task :app:checkDebugAndroidTestAarMetadata UP-TO-DATE
> Task :app:generateDebugAndroidTestResValues UP-TO-DATE
> Task :app:mapDebugAndroidTestSourceSetPaths UP-TO-DATE
> Task :app:generateDebugAndroidTestResources UP-TO-DATE
> Task :app:mergeDebugAndroidTestResources UP-TO-DATE
> Task :app:processDebugAndroidTestResources UP-TO-DATE
> Task :app:kaptGenerateStubsDebugAndroidTestKotlin UP-TO-DATE
> Task :app:kaptDebugAndroidTestKotlin UP-TO-DATE
> Task :app:compileDebugAndroidTestKotlin UP-TO-DATE
> Task :app:javaPreCompileDebugAndroidTest UP-TO-DATE
> Task :app:compileDebugAndroidTestJavaWithJavac UP-TO-DATE
> Task :app:mergeDebugAndroidTestShaders UP-TO-DATE
> Task :app:compileDebugAndroidTestShaders NO-SOURCE
> Task :app:generateDebugAndroidTestAssets UP-TO-DATE
> Task :app:mergeDebugAndroidTestAssets UP-TO-DATE
> Task :app:compressDebugAndroidTestAssets UP-TO-DATE
> Task :app:desugarDebugAndroidTestFileDependencies UP-TO-DATE
> Task :app:hiltAggregateDepsDebugAndroidTest UP-TO-DATE
> Task :app:hiltJavaCompileDebugAndroidTest UP-TO-DATE
> Task :app:transformDebugAndroidTestClassesWithAsm UP-TO-DATE
> Task :app:dexBuilderDebugAndroidTest UP-TO-DATE
> Task :app:mergeDebugAndroidTestGlobalSynthetics UP-TO-DATE
> Task :app:processDebugAndroidTestJavaRes UP-TO-DATE
> Task :app:mergeDebugAndroidTestJavaResource UP-TO-DATE
> Task :app:checkDebugAndroidTestDuplicateClasses UP-TO-DATE
> Task :app:mergeExtDexDebugAndroidTest UP-TO-DATE
> Task :app:mergeLibDexDebugAndroidTest UP-TO-DATE
> Task :app:mergeProjectDexDebugAndroidTest UP-TO-DATE
> Task :app:mergeDebugAndroidTestJniLibFolders UP-TO-DATE
> Task :app:mergeDebugAndroidTestNativeLibs UP-TO-DATE
> Task :app:stripDebugAndroidTestDebugSymbols UP-TO-DATE
> Task :app:validateSigningDebugAndroidTest UP-TO-DATE
> Task :app:writeDebugAndroidTestSigningConfigVersions UP-TO-DATE
> Task :app:packageDebugAndroidTest UP-TO-DATE
> Task :app:createDebugAndroidTestApkListingFileRedirect UP-TO-DATE
> Task :app:connectedDebugAndroidTest
Starting 78 tests on SM-S918B - 16-adb-R5CW41B0GXM-Myfby6._adb-tls-connect._tcp

app.otter.service.ExtractionServiceInstrumentedTest > recentFilesBuffer_maintainsLast5Files[SM-S918B - 16-adb-R5CW41B0GXM-Myfby6._adb-tls-connect._tcp] [31mFAILED [0m
	java.lang.AssertionError: Should have collected recent files
	at org.junit.Assert.fail(Assert.java:89)

app.otter.ui.component.ExtractionProgressViewTest > extractionProgressView_currentFileVisibility_isCorrect[SM-S918B - 16-adb-R5CW41B0GXM-Myfby6._adb-tls-connect._tcp] [31mFAILED [0m
	java.lang.RuntimeException: Unable to resolve activity for: Intent { act=android.intent.action.MAIN cat=[android.intent.category.LAUNCHER] cmp=app.otter.test/app.otter.HiltTestActivity }
	at androidx.test.core.app.InstrumentationActivityInvoker.startActivity(InstrumentationActivityInvoker.java:399)

app.otter.ui.component.ExtractionProgressViewTest > recentFiles_othersHaveCheckmarkPrefix[SM-S918B - 16-adb-R5CW41B0GXM-Myfby6._adb-tls-connect._tcp] [31mFAILED [0m
	java.lang.RuntimeException: Unable to resolve activity for: Intent { act=android.intent.action.MAIN cat=[android.intent.category.LAUNCHER] cmp=app.otter.test/app.otter.HiltTestActivity }
	at androidx.test.core.app.InstrumentationActivityInvoker.startActivity(InstrumentationActivityInvoker.java:399)

app.otter.ui.component.ExtractionProgressViewTest > animatable_interpolatesProgressSmoothly[SM-S918B - 16-adb-R5CW41B0GXM-Myfby6._adb-tls-connect._tcp] [31mFAILED [0m
	java.lang.RuntimeException: Unable to resolve activity for: Intent { act=android.intent.action.MAIN cat=[android.intent.category.LAUNCHER] cmp=app.otter.test/app.otter.HiltTestActivity }
	at androidx.test.core.app.InstrumentationActivityInvoker.startActivity(InstrumentationActivityInvoker.java:399)

app.otter.ui.component.ExtractionProgressViewTest > animatable_interpolatesCountSmoothly[SM-S918B - 16-adb-R5CW41B0GXM-Myfby6._adb-tls-connect._tcp] [31mFAILED [0m
	java.lang.RuntimeException: Unable to resolve activity for: Intent { act=android.intent.action.MAIN cat=[android.intent.category.LAUNCHER] cmp=app.otter.test/app.otter.HiltTestActivity }
	at androidx.test.core.app.InstrumentationActivityInvoker.startActivity(InstrumentationActivityInvoker.java:399)

app.otter.ui.component.ExtractionProgressViewTest > extractionProgressView_progressCalculation_isCorrect[SM-S918B - 16-adb-R5CW41B0GXM-Myfby6._adb-tls-connect._tcp] [31mFAILED [0m
	java.lang.RuntimeException: Unable to resolve activity for: Intent { act=android.intent.action.MAIN cat=[android.intent.category.LAUNCHER] cmp=app.otter.test/app.otter.HiltTestActivity }
	at androidx.test.core.app.InstrumentationActivityInvoker.startActivity(InstrumentationActivityInvoker.java:399)

app.otter.ui.component.ExtractionProgressViewTest > recentFiles_displaysMax5[SM-S918B - 16-adb-R5CW41B0GXM-Myfby6._adb-tls-connect._tcp] [31mFAILED [0m
	java.lang.RuntimeException: Unable to resolve activity for: Intent { act=android.intent.action.MAIN cat=[android.intent.category.LAUNCHER] cmp=app.otter.test/app.otter.HiltTestActivity }
	at androidx.test.core.app.InstrumentationActivityInvoker.startActivity(InstrumentationActivityInvoker.java:399)

app.otter.ui.component.ExtractionProgressViewTest > extractionProgressView_fileCountLogic_isCorrect[SM-S918B - 16-adb-R5CW41B0GXM-Myfby6._adb-tls-connect._tcp] [31mFAILED [0m
	java.lang.RuntimeException: Unable to resolve activity for: Intent { act=android.intent.action.MAIN cat=[android.intent.category.LAUNCHER] cmp=app.otter.test/app.otter.HiltTestActivity }
	at androidx.test.core.app.InstrumentationActivityInvoker.startActivity(InstrumentationActivityInvoker.java:399)

app.otter.ui.component.ExtractionProgressViewTest > recentFiles_lastHasArrowPrefix[SM-S918B - 16-adb-R5CW41B0GXM-Myfby6._adb-tls-connect._tcp] [31mFAILED [0m
	java.lang.RuntimeException: Unable to resolve activity for: Intent { act=android.intent.action.MAIN cat=[android.intent.category.LAUNCHER] cmp=app.otter.test/app.otter.HiltTestActivity }
	at androidx.test.core.app.InstrumentationActivityInvoker.startActivity(InstrumentationActivityInvoker.java:399)

app.otter.ui.component.ExtractionProgressViewTest > extractionProgressView_hasCorrectParameters[SM-S918B - 16-adb-R5CW41B0GXM-Myfby6._adb-tls-connect._tcp] [31mFAILED [0m
	java.lang.RuntimeException: Unable to resolve activity for: Intent { act=android.intent.action.MAIN cat=[android.intent.category.LAUNCHER] cmp=app.otter.test/app.otter.HiltTestActivity }
	at androidx.test.core.app.InstrumentationActivityInvoker.startActivity(InstrumentationActivityInvoker.java:399)

app.otter.ui.component.ExtractionProgressViewTest > extractionProgressView_callbackTypes_areCorrect[SM-S918B - 16-adb-R5CW41B0GXM-Myfby6._adb-tls-connect._tcp] [31mFAILED [0m
	java.lang.RuntimeException: Unable to resolve activity for: Intent { act=android.intent.action.MAIN cat=[android.intent.category.LAUNCHER] cmp=app.otter.test/app.otter.HiltTestActivity }
	at androidx.test.core.app.InstrumentationActivityInvoker.startActivity(InstrumentationActivityInvoker.java:399)

app.otter.ui.component.ExtractionScreenIntegrationTest > fullFlow_eventBusToUIUpdate_works[SM-S918B - 16-adb-R5CW41B0GXM-Myfby6._adb-tls-connect._tcp] [31mFAILED [0m
	java.lang.RuntimeException: Unable to resolve activity for: Intent { act=android.intent.action.MAIN cat=[android.intent.category.LAUNCHER] cmp=app.otter.test/app.otter.HiltTestActivity }
	at androidx.test.core.app.InstrumentationActivityInvoker.startActivity(InstrumentationActivityInvoker.java:399)

app.otter.ui.component.ExtractionScreenIntegrationTest > completion_showsCompletionScreen[SM-S918B - 16-adb-R5CW41B0GXM-Myfby6._adb-tls-connect._tcp] [31mFAILED [0m
	java.lang.RuntimeException: Unable to resolve activity for: Intent { act=android.intent.action.MAIN cat=[android.intent.category.LAUNCHER] cmp=app.otter.test/app.otter.HiltTestActivity }
	at androidx.test.core.app.InstrumentationActivityInvoker.startActivity(InstrumentationActivityInvoker.java:399)

app.otter.ui.component.ExtractionScreenIntegrationTest > versionLabel_visibleDuringExtraction[SM-S918B - 16-adb-R5CW41B0GXM-Myfby6._adb-tls-connect._tcp] [31mFAILED [0m
	java.lang.RuntimeException: Unable to resolve activity for: Intent { act=android.intent.action.MAIN cat=[android.intent.category.LAUNCHER] cmp=app.otter.test/app.otter.HiltTestActivity }
	at androidx.test.core.app.InstrumentationActivityInvoker.startActivity(InstrumentationActivityInvoker.java:399)

app.otter.ui.component.ExtractionScreenTest > progressEvents_updateUIState[SM-S918B - 16-adb-R5CW41B0GXM-Myfby6._adb-tls-connect._tcp] [31mFAILED [0m
	java.lang.RuntimeException: Unable to resolve activity for: Intent { act=android.intent.action.MAIN cat=[android.intent.category.LAUNCHER] cmp=app.otter.test/app.otter.HiltTestActivity }
	at androidx.test.core.app.InstrumentationActivityInvoker.startActivity(InstrumentationActivityInvoker.java:399)

app.otter.ui.component.ExtractionScreenTest > startingDots_animateCyclically[SM-S918B - 16-adb-R5CW41B0GXM-Myfby6._adb-tls-connect._tcp] [31mFAILED [0m
	java.lang.RuntimeException: Unable to resolve activity for: Intent { act=android.intent.action.MAIN cat=[android.intent.category.LAUNCHER] cmp=app.otter.test/app.otter.HiltTestActivity }
	at androidx.test.core.app.InstrumentationActivityInvoker.startActivity(InstrumentationActivityInvoker.java:399)

app.otter.ui.component.ExtractionScreenTest > versionLabel_visibleInAllStates[SM-S918B - 16-adb-R5CW41B0GXM-Myfby6._adb-tls-connect._tcp] [31mFAILED [0m
	java.lang.RuntimeException: Unable to resolve activity for: Intent { act=android.intent.action.MAIN cat=[android.intent.category.LAUNCHER] cmp=app.otter.test/app.otter.HiltTestActivity }
	at androidx.test.core.app.InstrumentationActivityInvoker.startActivity(InstrumentationActivityInvoker.java:399)

app.otter.ui.component.ExtractionScreenTest > completeEvents_showCompletionScreen[SM-S918B - 16-adb-R5CW41B0GXM-Myfby6._adb-tls-connect._tcp] [31mFAILED [0m
	java.lang.RuntimeException: Unable to resolve activity for: Intent { act=android.intent.action.MAIN cat=[android.intent.category.LAUNCHER] cmp=app.otter.test/app.otter.HiltTestActivity }
	at androidx.test.core.app.InstrumentationActivityInvoker.startActivity(InstrumentationActivityInvoker.java:399)

app.otter.ui.component.VersionLabelTest > versionLabel_displaysCorrectVersion[SM-S918B - 16-adb-R5CW41B0GXM-Myfby6._adb-tls-connect._tcp] [31mFAILED [0m
	java.lang.RuntimeException: Unable to resolve activity for: Intent { act=android.intent.action.MAIN cat=[android.intent.category.LAUNCHER] cmp=app.otter.test/app.otter.HiltTestActivity }
	at androidx.test.core.app.InstrumentationActivityInvoker.startActivity(InstrumentationActivityInvoker.java:399)

app.otter.ui.component.VersionLabelTest > versionLabel_hasCorrectStyling[SM-S918B - 16-adb-R5CW41B0GXM-Myfby6._adb-tls-connect._tcp] [31mFAILED [0m
	java.lang.RuntimeException: Unable to resolve activity for: Intent { act=android.intent.action.MAIN cat=[android.intent.category.LAUNCHER] cmp=app.otter.test/app.otter.HiltTestActivity }
	at androidx.test.core.app.InstrumentationActivityInvoker.startActivity(InstrumentationActivityInvoker.java:399)
Tests on SM-S918B - 16-adb-R5CW41B0GXM-Myfby6._adb-tls-connect._tcp failed: There was 20 failure(s).
Starting 78 tests on SM-S918B - 16-adb-R5CW41B0GXM-Myfby6 (2)._adb-tls-connect._tcp

app.otter.service.ExtractionServiceInstrumentedTest > recentFilesBuffer_maintainsLast5Files[SM-S918B - 16-adb-R5CW41B0GXM-Myfby6 (2)._adb-tls-connect._tcp] [31mFAILED [0m
	java.lang.AssertionError: Should have collected recent files
	at org.junit.Assert.fail(Assert.java:89)

app.otter.ui.component.ExtractionProgressViewTest > extractionProgressView_currentFileVisibility_isCorrect[SM-S918B - 16-adb-R5CW41B0GXM-Myfby6 (2)._adb-tls-connect._tcp] [31mFAILED [0m
	java.lang.RuntimeException: Unable to resolve activity for: Intent { act=android.intent.action.MAIN cat=[android.intent.category.LAUNCHER] cmp=app.otter.test/app.otter.HiltTestActivity }
	at androidx.test.core.app.InstrumentationActivityInvoker.startActivity(InstrumentationActivityInvoker.java:399)

app.otter.ui.component.ExtractionProgressViewTest > recentFiles_othersHaveCheckmarkPrefix[SM-S918B - 16-adb-R5CW41B0GXM-Myfby6 (2)._adb-tls-connect._tcp] [31mFAILED [0m
	java.lang.RuntimeException: Unable to resolve activity for: Intent { act=android.intent.action.MAIN cat=[android.intent.category.LAUNCHER] cmp=app.otter.test/app.otter.HiltTestActivity }
	at androidx.test.core.app.InstrumentationActivityInvoker.startActivity(InstrumentationActivityInvoker.java:399)

app.otter.ui.component.ExtractionProgressViewTest > animatable_interpolatesProgressSmoothly[SM-S918B - 16-adb-R5CW41B0GXM-Myfby6 (2)._adb-tls-connect._tcp] [31mFAILED [0m
	java.lang.RuntimeException: Unable to resolve activity for: Intent { act=android.intent.action.MAIN cat=[android.intent.category.LAUNCHER] cmp=app.otter.test/app.otter.HiltTestActivity }
	at androidx.test.core.app.InstrumentationActivityInvoker.startActivity(InstrumentationActivityInvoker.java:399)

app.otter.ui.component.ExtractionProgressViewTest > animatable_interpolatesCountSmoothly[SM-S918B - 16-adb-R5CW41B0GXM-Myfby6 (2)._adb-tls-connect._tcp] [31mFAILED [0m
	java.lang.RuntimeException: Unable to resolve activity for: Intent { act=android.intent.action.MAIN cat=[android.intent.category.LAUNCHER] cmp=app.otter.test/app.otter.HiltTestActivity }
	at androidx.test.core.app.InstrumentationActivityInvoker.startActivity(InstrumentationActivityInvoker.java:399)

app.otter.ui.component.ExtractionProgressViewTest > extractionProgressView_progressCalculation_isCorrect[SM-S918B - 16-adb-R5CW41B0GXM-Myfby6 (2)._adb-tls-connect._tcp] [31mFAILED [0m
	java.lang.RuntimeException: Unable to resolve activity for: Intent { act=android.intent.action.MAIN cat=[android.intent.category.LAUNCHER] cmp=app.otter.test/app.otter.HiltTestActivity }
	at androidx.test.core.app.InstrumentationActivityInvoker.startActivity(InstrumentationActivityInvoker.java:399)

app.otter.ui.component.ExtractionProgressViewTest > recentFiles_displaysMax5[SM-S918B - 16-adb-R5CW41B0GXM-Myfby6 (2)._adb-tls-connect._tcp] [31mFAILED [0m
	java.lang.RuntimeException: Unable to resolve activity for: Intent { act=android.intent.action.MAIN cat=[android.intent.category.LAUNCHER] cmp=app.otter.test/app.otter.HiltTestActivity }
	at androidx.test.core.app.InstrumentationActivityInvoker.startActivity(InstrumentationActivityInvoker.java:399)

app.otter.ui.component.ExtractionProgressViewTest > extractionProgressView_fileCountLogic_isCorrect[SM-S918B - 16-adb-R5CW41B0GXM-Myfby6 (2)._adb-tls-connect._tcp] [31mFAILED [0m
	java.lang.RuntimeException: Unable to resolve activity for: Intent { act=android.intent.action.MAIN cat=[android.intent.category.LAUNCHER] cmp=app.otter.test/app.otter.HiltTestActivity }
	at androidx.test.core.app.InstrumentationActivityInvoker.startActivity(InstrumentationActivityInvoker.java:399)

app.otter.ui.component.ExtractionProgressViewTest > recentFiles_lastHasArrowPrefix[SM-S918B - 16-adb-R5CW41B0GXM-Myfby6 (2)._adb-tls-connect._tcp] [31mFAILED [0m
	java.lang.RuntimeException: Unable to resolve activity for: Intent { act=android.intent.action.MAIN cat=[android.intent.category.LAUNCHER] cmp=app.otter.test/app.otter.HiltTestActivity }
	at androidx.test.core.app.InstrumentationActivityInvoker.startActivity(InstrumentationActivityInvoker.java:399)

app.otter.ui.component.ExtractionProgressViewTest > extractionProgressView_hasCorrectParameters[SM-S918B - 16-adb-R5CW41B0GXM-Myfby6 (2)._adb-tls-connect._tcp] [31mFAILED [0m
	java.lang.RuntimeException: Unable to resolve activity for: Intent { act=android.intent.action.MAIN cat=[android.intent.category.LAUNCHER] cmp=app.otter.test/app.otter.HiltTestActivity }
	at androidx.test.core.app.InstrumentationActivityInvoker.startActivity(InstrumentationActivityInvoker.java:399)

app.otter.ui.component.ExtractionProgressViewTest > extractionProgressView_callbackTypes_areCorrect[SM-S918B - 16-adb-R5CW41B0GXM-Myfby6 (2)._adb-tls-connect._tcp] [31mFAILED [0m
	java.lang.RuntimeException: Unable to resolve activity for: Intent { act=android.intent.action.MAIN cat=[android.intent.category.LAUNCHER] cmp=app.otter.test/app.otter.HiltTestActivity }
	at androidx.test.core.app.InstrumentationActivityInvoker.startActivity(InstrumentationActivityInvoker.java:399)

app.otter.ui.component.ExtractionScreenIntegrationTest > fullFlow_eventBusToUIUpdate_works[SM-S918B - 16-adb-R5CW41B0GXM-Myfby6 (2)._adb-tls-connect._tcp] [31mFAILED [0m
	java.lang.RuntimeException: Unable to resolve activity for: Intent { act=android.intent.action.MAIN cat=[android.intent.category.LAUNCHER] cmp=app.otter.test/app.otter.HiltTestActivity }
	at androidx.test.core.app.InstrumentationActivityInvoker.startActivity(InstrumentationActivityInvoker.java:399)

app.otter.ui.component.ExtractionScreenIntegrationTest > completion_showsCompletionScreen[SM-S918B - 16-adb-R5CW41B0GXM-Myfby6 (2)._adb-tls-connect._tcp] [31mFAILED [0m
	java.lang.RuntimeException: Unable to resolve activity for: Intent { act=android.intent.action.MAIN cat=[android.intent.category.LAUNCHER] cmp=app.otter.test/app.otter.HiltTestActivity }
	at androidx.test.core.app.InstrumentationActivityInvoker.startActivity(InstrumentationActivityInvoker.java:399)

app.otter.ui.component.ExtractionScreenIntegrationTest > versionLabel_visibleDuringExtraction[SM-S918B - 16-adb-R5CW41B0GXM-Myfby6 (2)._adb-tls-connect._tcp] [31mFAILED [0m
	java.lang.RuntimeException: Unable to resolve activity for: Intent { act=android.intent.action.MAIN cat=[android.intent.category.LAUNCHER] cmp=app.otter.test/app.otter.HiltTestActivity }
	at androidx.test.core.app.InstrumentationActivityInvoker.startActivity(InstrumentationActivityInvoker.java:399)

app.otter.ui.component.ExtractionScreenTest > progressEvents_updateUIState[SM-S918B - 16-adb-R5CW41B0GXM-Myfby6 (2)._adb-tls-connect._tcp] [31mFAILED [0m
	java.lang.RuntimeException: Unable to resolve activity for: Intent { act=android.intent.action.MAIN cat=[android.intent.category.LAUNCHER] cmp=app.otter.test/app.otter.HiltTestActivity }
	at androidx.test.core.app.InstrumentationActivityInvoker.startActivity(InstrumentationActivityInvoker.java:399)

app.otter.ui.component.ExtractionScreenTest > startingDots_animateCyclically[SM-S918B - 16-adb-R5CW41B0GXM-Myfby6 (2)._adb-tls-connect._tcp] [31mFAILED [0m
	java.lang.RuntimeException: Unable to resolve activity for: Intent { act=android.intent.action.MAIN cat=[android.intent.category.LAUNCHER] cmp=app.otter.test/app.otter.HiltTestActivity }
	at androidx.test.core.app.InstrumentationActivityInvoker.startActivity(InstrumentationActivityInvoker.java:399)

app.otter.ui.component.ExtractionScreenTest > versionLabel_visibleInAllStates[SM-S918B - 16-adb-R5CW41B0GXM-Myfby6 (2)._adb-tls-connect._tcp] [31mFAILED [0m
	java.lang.RuntimeException: Unable to resolve activity for: Intent { act=android.intent.action.MAIN cat=[android.intent.category.LAUNCHER] cmp=app.otter.test/app.otter.HiltTestActivity }
	at androidx.test.core.app.InstrumentationActivityInvoker.startActivity(InstrumentationActivityInvoker.java:399)

app.otter.ui.component.ExtractionScreenTest > completeEvents_showCompletionScreen[SM-S918B - 16-adb-R5CW41B0GXM-Myfby6 (2)._adb-tls-connect._tcp] [31mFAILED [0m
	java.lang.RuntimeException: Unable to resolve activity for: Intent { act=android.intent.action.MAIN cat=[android.intent.category.LAUNCHER] cmp=app.otter.test/app.otter.HiltTestActivity }
	at androidx.test.core.app.InstrumentationActivityInvoker.startActivity(InstrumentationActivityInvoker.java:399)

app.otter.ui.component.VersionLabelTest > versionLabel_displaysCorrectVersion[SM-S918B - 16-adb-R5CW41B0GXM-Myfby6 (2)._adb-tls-connect._tcp] [31mFAILED [0m
	java.lang.RuntimeException: Unable to resolve activity for: Intent { act=android.intent.action.MAIN cat=[android.intent.category.LAUNCHER] cmp=app.otter.test/app.otter.HiltTestActivity }
	at androidx.test.core.app.InstrumentationActivityInvoker.startActivity(InstrumentationActivityInvoker.java:399)

app.otter.ui.component.VersionLabelTest > versionLabel_hasCorrectStyling[SM-S918B - 16-adb-R5CW41B0GXM-Myfby6 (2)._adb-tls-connect._tcp] [31mFAILED [0m
	java.lang.RuntimeException: Unable to resolve activity for: Intent { act=android.intent.action.MAIN cat=[android.intent.category.LAUNCHER] cmp=app.otter.test/app.otter.HiltTestActivity }
	at androidx.test.core.app.InstrumentationActivityInvoker.startActivity(InstrumentationActivityInvoker.java:399)
Tests on SM-S918B - 16-adb-R5CW41B0GXM-Myfby6 (2)._adb-tls-connect._tcp failed: There was 20 failure(s).

> Task :app:connectedDebugAndroidTest FAILED

FAILURE: Build failed with an exception.

* What went wrong:
Execution failed for task ':app:connectedDebugAndroidTest'.
> There were failing tests. See the report at: file:///C:/dev/repos/GitHub/otter/app/build/reports/androidTests/connected/debug/index.html

* Try:
> Run with --stacktrace option to get the stack trace.
> Run with --info or --debug option to get more log output.
> Run with --scan to get full insights.
> Get more help at https://help.gradle.org.

BUILD FAILED in 3m 16s
80 actionable tasks: 2 executed, 78 up-to-date
